// Jest Snapshot v1, https://goo.gl/fbAQLP

exports[`test isotopicDistribution create distribution for many ionizations, C + (+, ++) 1`] = `
Array [
  Object {
    "atoms": Object {
      "C": 1,
    },
    "charge": 0,
    "confidence": 0,
    "em": 12,
    "fromX": 11.99945142009093,
    "ionization": Object {
      "charge": 1,
      "em": 0,
      "mf": "+",
    },
    "isotopesInfo": Object {
      "charge": 1,
      "isotopes": Array [
        Object {
          "atom": "C",
          "distribution": Array [
            Object {
              "x": 12,
              "y": 0.9893,
            },
            Object {
              "x": 13.00335483507,
              "y": 0.0107,
            },
          ],
          "number": 1,
        },
      ],
    },
    "isotopicDistribution": Array [
      Object {
        "x": 5.99945142009093,
        "y": 0.9893,
      },
      Object {
        "x": 6.50112883762593,
        "y": 0.0107,
      },
      Object {
        "x": 11.99945142009093,
        "y": 0.9893,
      },
      Object {
        "x": 13.00280625516093,
        "y": 0.0107,
      },
    ],
    "mass": 12.010735896735248,
    "mf": "C",
    "monoisotopicMass": 12,
    "ms": Object {
      "charge": 1,
      "em": 11.99945142009093,
      "ionization": "+",
    },
    "toX": 13.00280625516093,
    "unsaturation": 2,
  },
  Object {
    "atoms": Object {
      "C": 1,
    },
    "charge": 0,
    "confidence": 0,
    "em": 12,
    "fromX": 5.99945142009093,
    "ionization": Object {
      "charge": 2,
      "em": 0,
      "mf": "++",
    },
    "isotopesInfo": Object {
      "charge": 2,
      "isotopes": Array [
        Object {
          "atom": "C",
          "distribution": Array [
            Object {
              "x": 12,
              "y": 0.9893,
            },
            Object {
              "x": 13.00335483507,
              "y": 0.0107,
            },
          ],
          "number": 1,
        },
      ],
    },
    "isotopicDistribution": Array [
      Object {
        "x": 5.99945142009093,
        "y": 0.9893,
      },
      Object {
        "x": 6.50112883762593,
        "y": 0.0107,
      },
    ],
    "mass": 12.010735896735248,
    "mf": "C",
    "monoisotopicMass": 12,
    "ms": Object {
      "charge": 2,
      "em": 5.99945142009093,
      "ionization": "++",
    },
    "toX": 6.50112883762593,
    "unsaturation": 2,
  },
]
`;
