// Vitest Snapshot v1, https://vitest.dev/guide/snapshot.html

exports[`test isotopicDistribution > create distribution for many ionizations, C + (+, ++) 1`] = `
[
  {
    "atoms": {
      "C": 1,
    },
    "charge": 0,
    "confidence": 0,
    "em": 12,
    "fromX": 11.99945142009093,
    "ionization": {
      "atoms": {},
      "charge": 1,
      "em": 0,
      "mf": "+",
    },
    "isotopesInfo": {
      "charge": 1,
      "isotopes": [
        {
          "atom": "C",
          "distribution": [
            {
              "x": 12,
              "y": 0.9893,
            },
            {
              "x": 13.00335483507,
              "y": 0.0107,
            },
          ],
          "number": 1,
        },
      ],
    },
    "isotopicDistribution": [
      {
        "x": 5.99945142009093,
        "y": 0.9893,
      },
      {
        "x": 6.50112883762593,
        "y": 0.0107,
      },
      {
        "x": 11.99945142009093,
        "y": 0.9893,
      },
      {
        "x": 13.00280625516093,
        "y": 0.0107,
      },
    ],
    "mass": 12.010735896735248,
    "mf": "C",
    "monoisotopicMass": 12,
    "ms": {
      "charge": 1,
      "em": 11.99945142009093,
      "ionization": "+",
    },
    "toX": 13.00280625516093,
    "unsaturation": 2,
  },
  {
    "atoms": {
      "C": 1,
    },
    "charge": 0,
    "confidence": 0,
    "em": 12,
    "fromX": 5.99945142009093,
    "ionization": {
      "atoms": {},
      "charge": 2,
      "em": 0,
      "mf": "++",
    },
    "isotopesInfo": {
      "charge": 2,
      "isotopes": [
        {
          "atom": "C",
          "distribution": [
            {
              "x": 12,
              "y": 0.9893,
            },
            {
              "x": 13.00335483507,
              "y": 0.0107,
            },
          ],
          "number": 1,
        },
      ],
    },
    "isotopicDistribution": [
      {
        "x": 5.99945142009093,
        "y": 0.9893,
      },
      {
        "x": 6.50112883762593,
        "y": 0.0107,
      },
    ],
    "mass": 12.010735896735248,
    "mf": "C",
    "monoisotopicMass": 12,
    "ms": {
      "charge": 2,
      "em": 5.99945142009093,
      "ionization": "++",
    },
    "toX": 6.50112883762593,
    "unsaturation": 2,
  },
]
`;
