// Jest Snapshot v1, https://goo.gl/fbAQLP

exports[`generateMFs Check info 1`] = `
Object {
  "atoms": Object {
    "C": 8,
  },
  "charge": 0,
  "em": 96,
  "ionization": Object {
    "atoms": Object {},
    "charge": 0,
    "em": 0,
    "mf": "",
  },
  "mf": "C8",
  "ms": Object {
    "charge": 0,
    "em": 0,
    "ionization": "",
  },
  "mw": 96.08588717388199,
  "parts": Array [
    "C",
    ,
    "C5(C)2",
  ],
  "unsaturation": 9,
}
`;
