// Vitest Snapshot v1, https://vitest.dev/guide/snapshot.html

exports[`test searchSimilarity > should find one result with bad distribution 1`] = `
[
  {
    "atoms": {
      "C": 10,
    },
    "charge": 0,
    "em": 120,
    "ionization": {
      "atoms": {
        "H": 3,
      },
      "charge": 3,
      "em": 3.02347509669,
      "mf": "(H+)3",
    },
    "mf": "C10",
    "ms": {
      "charge": 3,
      "em": 41.00727645232093,
      "ionization": "(H+)3",
      "similarity": {
        "difference": [
          [
            41.00727645232093,
            41.341731161256995,
            41.676186546352326,
          ],
          [
            0.011646827156351125,
            0.09741601219811298,
            0.004759776692041084,
          ],
        ],
        "experimental": [
          [
            41,
          ],
          [
            1,
          ],
        ],
        "experimentalInfo": {
          "from": 40.840609785654266,
          "max": 0.5,
          "min": 0.5,
          "sum": 0.5,
          "to": 41.840609785654266,
        },
        "quantity": 0.5,
        "theoretical": [
          [
            41.00727645232093,
            41.341731161256995,
            41.676186546352326,
          ],
          [
            0.8978242111098459,
            0.09741601219811298,
            0.004759776692041084,
          ],
        ],
        "thereoticalInfo": {
          "max": 0.8976979854295873,
          "min": 0.004759107511990694,
          "sum": 0.9998594093602103,
        },
        "value": 0.8861773839534948,
        "width": {
          "bottom": 0.05,
          "top": 0.01,
        },
      },
    },
    "mw": 120.10735896735248,
    "parts": [
      "C10",
    ],
    "unsaturation": 11,
  },
  {
    "atoms": {
      "C": 10,
    },
    "charge": 0,
    "em": 120,
    "ionization": {
      "atoms": {
        "H": 1,
      },
      "charge": 1,
      "em": 1.00782503223,
      "mf": "H+",
    },
    "mf": "C10",
    "ms": {
      "charge": 1,
      "em": 121.00727645232094,
      "ionization": "H+",
      "similarity": {
        "difference": [
          [
            121.00727645232094,
            122.01063439121715,
            123.01399301090913,
          ],
          [
            0.01185238253244636,
            0.09723174483189419,
            0.004738488682519898,
          ],
        ],
        "experimental": [
          [
            121,
          ],
          [
            1,
          ],
        ],
        "experimentalInfo": {
          "from": 120.50727645232094,
          "max": 0.5,
          "min": 0.5,
          "sum": 0.5,
          "to": 123.50727645232094,
        },
        "quantity": 0.5,
        "theoretical": [
          [
            121.00727645232094,
            122.01063439121715,
            123.01399301090913,
          ],
          [
            0.8980297664855859,
            0.09723174483189419,
            0.004738488682519898,
          ],
        ],
        "thereoticalInfo": {
          "max": 0.8979044915878657,
          "min": 0.004737827664692645,
          "sum": 0.9998605002836259,
        },
        "value": 0.8861773839531395,
        "width": {
          "bottom": 0.05,
          "top": 0.01,
        },
      },
    },
    "mw": 120.10735896735248,
    "parts": [
      "C10",
    ],
    "unsaturation": 11,
  },
]
`;
